// Jest Snapshot v1, https://goo.gl/fbAQLP

exports[`Testing App should render properly 1`] = `ShallowWrapper {}`;
